(EXCEPTION) InvalidHexColour("iaonsehtiaosenht aisoenht asiohtne asiohetn aisohent")
