Hello, my name is Steve and I am a programmer. I have written 53538 lines of code.
Hello, my name is Sam and I am a programmer. I have written 57277 lines of code.
