1050
Hello World, testing subexpressions.
Some statement in the middle
Hello World, testing subexpressions
Another expression
false
